---
source: tui/src/markdown_render/web_links_tests.rs
expression: text
---
Text::from_iter([
    Line::from_iter([
        Span::from(" "),
        Span::from("Resource"),
    ]).fg(Color::Rgb(249, 226, 175)).bold(),
    Line::from(Span::from("━━━━━━━━━━━━━━━━━━━━").dim()),
    Line::from_iter([
        Span::from(" "),
        Span::from("https://").fg(Color::Rgb(99, 168, 248)).underlined(),
    ]),
    Line::from_iter([
        Span::from(" "),
        Span::from("example.com/docs").fg(Color::Rgb(99, 168, 248)).underlined(),
    ]),
])
